// Jest Snapshot v1, https://goo.gl/fbAQLP

exports[`renders the Filter correctly 1`] = `
<button
  className="button undefined"
  onClick={undefined}
  onKeyPress={[Function]}
  tabIndex="0"
/>
`;
