// Jest Snapshot v1, https://goo.gl/fbAQLP

exports[`renders the Splash overlay correctly 1`] = `
<div
  className="splash -hidden "
>
  <div
    className="_loader"
  />
</div>
`;
