// Jest Snapshot v1, https://goo.gl/fbAQLP

exports[`renders the Loader correctly 1`] = `
<div
  className="load-container -hidden "
>
  <div
    className="_loader"
    style={
      Object {
        "width": "undefined%",
      }
    }
  />
</div>
`;
